// Jest Snapshot v1, https://goo.gl/fbAQLP

exports[`App matches snapshot 1`] = `
[
  <h2>
    RaffleList
  </h2>,
  <a
    href="/raffle/1"
    onClick={[Function]}
  >
    Raffle Detail
  </a>,
]
`;
