// Jest Snapshot v1, https://goo.gl/fbAQLP

exports[`RaffleList matches snapshot 1`] = `
[
  <div
    className="chakra-container css-1xetpgu"
  >
    <div
      className="css-mzt97k"
    >
      <div
        className="chakra-stack css-1y5q8ss"
      >
        <div
          className="chakra-select__wrapper css-4j45yy"
        >
          <select
            className="chakra-select css-1psspw3"
            onBlur={[Function]}
            onChange={[Function]}
            onFocus={[Function]}
            value=""
          >
            <option
              value=""
            >
              All
            </option>
            <option
              value={0}
            >
              Staged
            </option>
            <option
              value={1}
            >
              Live
            </option>
            <option
              value={2}
            >
              Finished
            </option>
          </select>
          <div
            className="chakra-select__icon-wrapper css-iohxn1"
          >
            <svg
              aria-hidden={true}
              className="chakra-select__icon"
              focusable={false}
              role="presentation"
              style={
                {
                  "color": "currentColor",
                  "height": "1em",
                  "width": "1em",
                }
              }
              viewBox="0 0 24 24"
            >
              <path
                d="M16.59 8.59L12 13.17 7.41 8.59 6 10l6 6 6-6z"
                fill="currentColor"
              />
            </svg>
          </div>
        </div>
      </div>
    </div>
    <div
      className="css-1db7fom"
    />
  </div>,
  <span />,
  <span
    hidden={true}
    id="__chakra_env"
  />,
]
`;
