// Jest Snapshot v1, https://goo.gl/fbAQLP

exports[`RaffleDetail matches snapshot 1`] = `
[
  <div
    className="chakra-container css-1sgxzlz"
  >
    <div
      className="css-1tr0t8b"
    >
      <h2
        className="chakra-heading css-1jg9pmt"
      />
      <p
        className="chakra-text css-19rlujp"
      >
        View and manage raffle
      </p>
    </div>
    <div
      className="css-0"
    >
      <div
        className="css-z2pmpb"
      >
        <p
          className="chakra-text css-0"
        >
          Status
        </p>
        <p
          className="chakra-text css-0"
        >
          Finished
        </p>
      </div>
      <div
        className="css-z2pmpb"
      >
        <p
          className="chakra-text css-0"
        >
          Name
        </p>
        <p
          className="chakra-text css-0"
        />
      </div>
      <div
        className="css-z2pmpb"
      >
        <p
          className="chakra-text css-0"
        >
          Type
        </p>
        <p
          className="chakra-text css-0"
        >
          Dynamic
        </p>
      </div>
      <div
        className="css-z2pmpb"
      >
        <p
          className="chakra-text css-0"
        >
          Owner
        </p>
        <p
          className="chakra-text css-0"
        />
      </div>
      <div
        className="css-gmuwbf"
      >
        <div
          className="chakra-stack css-iew95a"
        />
      </div>
    </div>
  </div>,
  <span />,
  <span
    hidden={true}
    id="__chakra_env"
  />,
]
`;
